// Jest Snapshot v1, https://goo.gl/fbAQLP

exports[`Rendering Tests matches snapshot 1`] = `
<View
  style={
    Object {
      "alignItems": "center",
      "flex": 1,
      "width": "100%",
    }
  }
>
  <ViewManagerAdapter_ExpoLinearGradient
    proxiedProperties={
      Object {
        "colors": Array [
          4285837014,
          4280581583,
        ],
        "endPoint": undefined,
        "locations": undefined,
        "startPoint": undefined,
      }
    }
    style={
      Object {
        "alignItems": "center",
        "flex": 1,
        "width": "100%",
      }
    }
  >
    <View
      style={
        Object {
          "marginTop": "42%",
        }
      }
    >
      <View
        style={
          Object {
            "alignItems": "center",
            "backgroundColor": "white",
            "borderRadius": 100,
            "height": 200,
            "width": 200,
          }
        }
      >
        <Image
          source={1}
          style={
            Object {
              "height": 90,
              "marginBottom": "3%",
              "marginTop": "8%",
              "width": 90,
            }
          }
        />
        <Text
          style={
            Object {
              "fontFamily": "AmericanTypewriter-Bold",
              "fontSize": 24,
            }
          }
        >
           
          UCSD
           
        </Text>
        <Text
          style={
            Object {
              "fontFamily": "AmericanTypewriter-Bold",
              "fontSize": 24,
            }
          }
        >
           
          Roomies
           
        </Text>
      </View>
    </View>
  </ViewManagerAdapter_ExpoLinearGradient>
</View>
`;
